// Jest Snapshot v1, https://goo.gl/fbAQLP

exports[`StatusBarComponent snapShot 1`] = `
<View
  style={
    Object {
      "backgroundColor": undefined,
      "height": 30,
    }
  }
/>
`;
